Archive member included to satisfy reference by file (symbol)

d:/iti arm/03- imt sdk/winarm/armgcc/bin/../lib/gcc/arm-none-eabi/7.2.1/thumb/v7e-m\libgcc.a(_arm_addsubdf3.o)
                              ./src/MUSART_Program.o (__aeabi_dsub)
d:/iti arm/03- imt sdk/winarm/armgcc/bin/../lib/gcc/arm-none-eabi/7.2.1/thumb/v7e-m\libgcc.a(_arm_muldivdf3.o)
                              ./src/MSTK_Program.o (__aeabi_dmul)
d:/iti arm/03- imt sdk/winarm/armgcc/bin/../lib/gcc/arm-none-eabi/7.2.1/thumb/v7e-m\libgcc.a(_arm_fixunsdfsi.o)
                              ./src/MSTK_Program.o (__aeabi_d2uiz)
d:/iti arm/03- imt sdk/winarm/armgcc/bin/../lib/gcc/arm-none-eabi/7.2.1/thumb/v7e-m\libgcc.a(_aeabi_ldivmod.o)
                              ./src/LCD_Program.o (__aeabi_ldivmod)
d:/iti arm/03- imt sdk/winarm/armgcc/bin/../lib/gcc/arm-none-eabi/7.2.1/thumb/v7e-m\libgcc.a(_aeabi_uldivmod.o)
                              ./src/LCD_Program.o (__aeabi_uldivmod)
d:/iti arm/03- imt sdk/winarm/armgcc/bin/../lib/gcc/arm-none-eabi/7.2.1/thumb/v7e-m\libgcc.a(_udivmoddi4.o)
                              d:/iti arm/03- imt sdk/winarm/armgcc/bin/../lib/gcc/arm-none-eabi/7.2.1/thumb/v7e-m\libgcc.a(_aeabi_ldivmod.o) (__udivmoddi4)
d:/iti arm/03- imt sdk/winarm/armgcc/bin/../lib/gcc/arm-none-eabi/7.2.1/thumb/v7e-m\libgcc.a(_dvmd_tls.o)
                              d:/iti arm/03- imt sdk/winarm/armgcc/bin/../lib/gcc/arm-none-eabi/7.2.1/thumb/v7e-m\libgcc.a(_aeabi_ldivmod.o) (__aeabi_ldiv0)
d:/iti arm/03- imt sdk/winarm/armgcc/bin/../lib/gcc/arm-none-eabi/7.2.1/../../../../arm-none-eabi/lib/thumb/v7e-m\libg_nano.a(lib_a-errno.o)
                              ./system/src/newlib/_sbrk.o (__errno)
d:/iti arm/03- imt sdk/winarm/armgcc/bin/../lib/gcc/arm-none-eabi/7.2.1/../../../../arm-none-eabi/lib/thumb/v7e-m\libg_nano.a(lib_a-impure.o)
                              d:/iti arm/03- imt sdk/winarm/armgcc/bin/../lib/gcc/arm-none-eabi/7.2.1/../../../../arm-none-eabi/lib/thumb/v7e-m\libg_nano.a(lib_a-errno.o) (_impure_ptr)
d:/iti arm/03- imt sdk/winarm/armgcc/bin/../lib/gcc/arm-none-eabi/7.2.1/../../../../arm-none-eabi/lib/thumb/v7e-m\libg_nano.a(lib_a-strlen.o)
                              ./system/src/diag/Trace.o (strlen)
d:/iti arm/03- imt sdk/winarm/armgcc/bin/../lib/gcc/arm-none-eabi/7.2.1/../../../../arm-none-eabi/lib/thumb/v7e-m\libg_nano.a(lib_a-vsnprintf.o)
                              ./system/src/diag/Trace.o (vsnprintf)
d:/iti arm/03- imt sdk/winarm/armgcc/bin/../lib/gcc/arm-none-eabi/7.2.1/../../../../arm-none-eabi/lib/thumb/v7e-m\libg_nano.a(lib_a-nano-svfprintf.o)
                              d:/iti arm/03- imt sdk/winarm/armgcc/bin/../lib/gcc/arm-none-eabi/7.2.1/../../../../arm-none-eabi/lib/thumb/v7e-m\libg_nano.a(lib_a-vsnprintf.o) (_svfprintf_r)
d:/iti arm/03- imt sdk/winarm/armgcc/bin/../lib/gcc/arm-none-eabi/7.2.1/../../../../arm-none-eabi/lib/thumb/v7e-m\libg_nano.a(lib_a-nano-vfprintf_i.o)
                              d:/iti arm/03- imt sdk/winarm/armgcc/bin/../lib/gcc/arm-none-eabi/7.2.1/../../../../arm-none-eabi/lib/thumb/v7e-m\libg_nano.a(lib_a-nano-svfprintf.o) (_printf_i)
d:/iti arm/03- imt sdk/winarm/armgcc/bin/../lib/gcc/arm-none-eabi/7.2.1/../../../../arm-none-eabi/lib/thumb/v7e-m\libg_nano.a(lib_a-memchr.o)
                              d:/iti arm/03- imt sdk/winarm/armgcc/bin/../lib/gcc/arm-none-eabi/7.2.1/../../../../arm-none-eabi/lib/thumb/v7e-m\libg_nano.a(lib_a-nano-svfprintf.o) (memchr)
d:/iti arm/03- imt sdk/winarm/armgcc/bin/../lib/gcc/arm-none-eabi/7.2.1/../../../../arm-none-eabi/lib/thumb/v7e-m\libg_nano.a(lib_a-memcpy-stub.o)
                              d:/iti arm/03- imt sdk/winarm/armgcc/bin/../lib/gcc/arm-none-eabi/7.2.1/../../../../arm-none-eabi/lib/thumb/v7e-m\libg_nano.a(lib_a-nano-svfprintf.o) (memcpy)
d:/iti arm/03- imt sdk/winarm/armgcc/bin/../lib/gcc/arm-none-eabi/7.2.1/../../../../arm-none-eabi/lib/thumb/v7e-m\libg_nano.a(lib_a-memmove.o)
                              d:/iti arm/03- imt sdk/winarm/armgcc/bin/../lib/gcc/arm-none-eabi/7.2.1/../../../../arm-none-eabi/lib/thumb/v7e-m\libg_nano.a(lib_a-nano-svfprintf.o) (memmove)
d:/iti arm/03- imt sdk/winarm/armgcc/bin/../lib/gcc/arm-none-eabi/7.2.1/../../../../arm-none-eabi/lib/thumb/v7e-m\libg_nano.a(lib_a-nano-freer.o)
                              d:/iti arm/03- imt sdk/winarm/armgcc/bin/../lib/gcc/arm-none-eabi/7.2.1/../../../../arm-none-eabi/lib/thumb/v7e-m\libg_nano.a(lib_a-nano-svfprintf.o) (_free_r)
d:/iti arm/03- imt sdk/winarm/armgcc/bin/../lib/gcc/arm-none-eabi/7.2.1/../../../../arm-none-eabi/lib/thumb/v7e-m\libg_nano.a(lib_a-nano-mallocr.o)
                              d:/iti arm/03- imt sdk/winarm/armgcc/bin/../lib/gcc/arm-none-eabi/7.2.1/../../../../arm-none-eabi/lib/thumb/v7e-m\libg_nano.a(lib_a-nano-svfprintf.o) (_malloc_r)
d:/iti arm/03- imt sdk/winarm/armgcc/bin/../lib/gcc/arm-none-eabi/7.2.1/../../../../arm-none-eabi/lib/thumb/v7e-m\libg_nano.a(lib_a-nano-reallocr.o)
[...]
Memory Configuration

Name             Origin             Length             Attributes
RAM              0x20000000         0x00010000         xrw
CCMRAM           0x10000000         0x00000000         xrw
FLASH            0x08000000         0x00040000         xr
FLASHB1          0x00000000         0x00000000         xr
EXTMEMB0         0x00000000         0x00000000         xr
EXTMEMB1         0x00000000         0x00000000         xr
EXTMEMB2         0x00000000         0x00000000         xr
EXTMEMB3         0x00000000         0x00000000         xr
*default*        0x00000000         0xffffffff

Linker script and memory map

LOAD ./system/src/stm32f4-hal/stm32f4xx_hal.o
LOAD ./system/src/stm32f4-hal/stm32f4xx_hal_cortex.o
LOAD ./system/src/stm32f4-hal/stm32f4xx_hal_dfsdm.o
LOAD ./system/src/stm32f4-hal/stm32f4xx_hal_flash.o
LOAD ./system/src/stm32f4-hal/stm32f4xx_hal_gpio.o
LOAD ./system/src/stm32f4-hal/stm32f4xx_hal_iwdg.o
LOAD ./system/src/stm32f4-hal/stm32f4xx_hal_pwr.o
LOAD ./system/src/stm32f4-hal/stm32f4xx_hal_rcc.o
LOAD ./system/src/newlib/_cxx.o
LOAD ./system/src/newlib/_exit.o
LOAD ./system/src/newlib/_sbrk.o
LOAD ./system/src/newlib/_startup.o
LOAD ./system/src/newlib/_syscalls.o
LOAD ./system/src/newlib/assert.o
LOAD ./system/src/diag/Trace.o
LOAD ./system/src/diag/trace_impl.o
LOAD ./system/src/cortexm/_initialize_hardware.o
LOAD ./system/src/cortexm/_reset_hardware.o
LOAD ./system/src/cortexm/exception_handlers.o
LOAD ./system/src/cmsis/system_stm32f4xx.o
LOAD ./system/src/cmsis/vectors_stm32f401xc.o
LOAD ./src/BlinkLed.o
LOAD ./src/HLEDMATRIX_Program.o
LOAD ./src/HTFT_Program.o
LOAD ./src/LCD_Program.o
LOAD ./src/MDMA_Program.o
LOAD ./src/MEXTI_Config.o
LOAD ./src/MEXTI_Program.o
LOAD ./src/MGPIO_Program.o
LOAD ./src/MNVIC_Program.o
LOAD ./src/MRCC_Program.o
LOAD ./src/MSPI_Program.o
LOAD ./src/MSTK_Program.o
LOAD ./src/MUSART_Program.o
LOAD ./src/Timer.o
LOAD ./src/_initialize_hardware.o
LOAD ./src/_write.o
LOAD ./src/main.o
LOAD ./src/stm32f4xx_hal_msp.o
LOAD d:/iti arm/03- imt sdk/winarm/armgcc/bin/../lib/gcc/arm-none-eabi/7.2.1/../../../../arm-none-eabi/lib/thumb/v7e-m\libstdc++_nano.a
LOAD d:/iti arm/03- imt sdk/winarm/armgcc/bin/../lib/gcc/arm-none-eabi/7.2.1/../../../../arm-none-eabi/lib/thumb/v7e-m\libm.a
START GROUP
LOAD d:/iti arm/03- imt sdk/winarm/armgcc/bin/../lib/gcc/arm-none-eabi/7.2.1/thumb/v7e-m\libgcc.a
LOAD d:/iti arm/03- imt sdk/winarm/armgcc/bin/../lib/gcc/arm-none-eabi/7.2.1/../../../../arm-none-eabi/lib/thumb/v7e-m\libg_nano.a
LOAD d:/iti arm/03- imt sdk/winarm/armgcc/bin/../lib/gcc/arm-none-eabi/7.2.1/../../../../arm-none-eabi/lib/thumb/v7e-m\libc_nano.a
END GROUP
START GROUP
LOAD d:/iti arm/03- imt sdk/winarm/armgcc/bin/../lib/gcc/arm-none-eabi/7.2.1/thumb/v7e-m\libgcc.a
LOAD d:/iti arm/03- imt sdk/winarm/armgcc/bin/../lib/gcc/arm-none-eabi/7.2.1/../../../../arm-none-eabi/lib/thumb/v7e-m\libc_nano.a
END GROUP
                0x20010000                __stack = (ORIGIN (RAM) + LENGTH (RAM))
                0x20010000                _estack = __stack
                0x00000400                __Main_Stack_Size = 0x400
                [!provide]                PROVIDE (_Main_Stack_Size, __Main_Stack_Size)
                0x2000fc00                __Main_Stack_Limit = (__stack - __Main_Stack_Size)
                [!provide]                PROVIDE (_Main_Stack_Limit, __Main_Stack_Limit)
                0x00000100                _Minimum_Stack_Size = 0x100
                0x20000154                PROVIDE (_Heap_Begin, _end_noinit)
                0x2000fc00                PROVIDE (_Heap_Limit, (__stack - __Main_Stack_Size))

.isr_vector     0x08000000      0x3f4
 FILL mask 0xff
                0x08000000                __vectors_start = ABSOLUTE (.)
                0x08000000                __vectors_start__ = ABSOLUTE (.)
 *(.isr_vector)
 .isr_vector    0x08000000      0x194 ./system/src/cmsis/vectors_stm32f401xc.o
                0x08000000                __isr_vectors
 *(.cfmconfig)
 *(.after_vectors .after_vectors.*)
 .after_vectors
                0x08000194      0x130 ./system/src/newlib/_startup.o
                0x08000194                _start
 .after_vectors
                0x080002c4      0x12c ./system/src/cortexm/exception_handlers.o
                0x080002c4                Reset_Handler
                0x080002ca                NMI_Handler
                0x080002ce                HardFault_Handler
                0x080002e2                HardFault_Handler_C
                0x08000340                MemManage_Handler
                0x08000344                BusFault_Handler
                0x08000358                BusFault_Handler_C
                0x0800038c                UsageFault_Handler
                0x080003a0                UsageFault_Handler_C
                0x080003d4                SVC_Handler
                0x080003d8                DebugMon_Handler
                0x080003dc                PendSV_Handler
 .after_vectors
                0x080003f0        0x4 ./system/src/cmsis/vectors_stm32f401xc.o
                0x080003f0                RTC_Alarm_IRQHandler
                0x080003f0                EXTI2_IRQHandler
                0x080003f0                SPI4_IRQHandler
                0x080003f0                TIM1_CC_IRQHandler
                0x080003f0                DMA2_Stream5_IRQHandler
                0x080003f0                DMA1_Stream5_IRQHandler
                0x080003f0                PVD_IRQHandler
                0x080003f0                SDIO_IRQHandler
                0x080003f0                TAMP_STAMP_IRQHandler
                0x080003f0                EXTI3_IRQHandler
                0x080003f0                TIM1_UP_TIM10_IRQHandler
                0x080003f0                I2C3_ER_IRQHandler
                0x080003f0                EXTI0_IRQHandler
                0x080003f0                I2C2_EV_IRQHandler
                0x080003f0                DMA1_Stream2_IRQHandler
                0x080003f0                FPU_IRQHandler
                0x080003f0                DMA2_Stream2_IRQHandler
                0x080003f0                TIM1_BRK_TIM9_IRQHandler
                0x080003f0                DMA2_Stream3_IRQHandler
                0x080003f0                USART6_IRQHandler
                0x080003f0                TIM4_IRQHandler
                0x080003f0                I2C1_EV_IRQHandler
                0x080003f0                DMA1_Stream6_IRQHandler
                0x080003f0                DMA1_Stream1_IRQHandler
                0x080003f0                TIM3_IRQHandler
                0x080003f0                RCC_IRQHandler
                0x080003f0                Default_Handler
                0x080003f0                EXTI15_10_IRQHandler
                0x080003f0                ADC_IRQHandler
                0x080003f0                DMA1_Stream7_IRQHandler
                0x080003f0                TIM5_IRQHandler
                0x080003f0                DMA2_Stream7_IRQHandler
                0x080003f0                I2C3_EV_IRQHandler
                0x080003f0                EXTI9_5_IRQHandler
                0x080003f0                RTC_WKUP_IRQHandler
                0x080003f0                SPI2_IRQHandler
                0x080003f0                DMA1_Stream0_IRQHandler
                0x080003f0                EXTI4_IRQHandler
                0x080003f0                WWDG_IRQHandler
                0x080003f0                TIM2_IRQHandler
                0x080003f0                OTG_FS_WKUP_IRQHandler
                0x080003f0                TIM1_TRG_COM_TIM11_IRQHandler
                0x080003f0                EXTI1_IRQHandler
                0x080003f0                USART2_IRQHandler
                0x080003f0                I2C2_ER_IRQHandler
                0x080003f0                DMA2_Stream1_IRQHandler
                0x080003f0                FLASH_IRQHandler
                0x080003f0                DMA2_Stream4_IRQHandler
                0x080003f0                OTG_FS_IRQHandler
                0x080003f0                SPI3_IRQHandler
                0x080003f0                DMA1_Stream4_IRQHandler
                0x080003f0                I2C1_ER_IRQHandler
                0x080003f0                DMA2_Stream6_IRQHandler
                0x080003f0                DMA1_Stream3_IRQHandler

.inits          0x080003f4       0x28
                0x080003f4                __data_regions_array_start = .
                0x080003f4        0x4 LONG 0x8016fd8 LOADADDR (.data)
                0x080003f8        0x4 LONG 0x20000000 ADDR (.data)
                0x080003fc        0x4 LONG 0x20000078 (ADDR (.data) + SIZEOF (.data))
                0x08000400        0x4 LONG 0x8016fd8 LOADADDR (.data_CCMRAM)
                0x08000404        0x4 LONG 0x10000000 ADDR (.data_CCMRAM)
                0x08000408        0x4 LONG 0x10000000 (ADDR (.data_CCMRAM) + SIZEOF (.data_CCMRAM))
                0x0800040c                __data_regions_array_end = .
                0x0800040c                __bss_regions_array_start = .
                0x0800040c        0x4 LONG 0x20000078 ADDR (.bss)
                0x08000410        0x4 LONG 0x20000154 (ADDR (.bss) + SIZEOF (.bss))
                0x08000414        0x4 LONG 0x10000000 ADDR (.bss_CCMRAM)
                0x08000418        0x4 LONG 0x10000000 (ADDR (.bss_CCMRAM) + SIZEOF (.bss_CCMRAM))
                0x0800041c                __bss_regions_array_end = .
 *(.init)
 *(.fini)
                0x0800041c                . = ALIGN (0x4)
                0x0800041c                PROVIDE (__preinit_array_start, .)
 *(.preinit_array_sysinit .preinit_array_sysinit.*)
 *(.preinit_array_platform .preinit_array_platform.*)
 *(.preinit_array .preinit_array.*)
                0x0800041c                PROVIDE (__preinit_array_end, .)
                0x0800041c                . = ALIGN (0x4)
                0x0800041c                PROVIDE (__init_array_start, .)
 *(SORT_BY_NAME(.init_array.*))
 *(.init_array)
                0x0800041c                PROVIDE (__init_array_end, .)
                0x0800041c                . = ALIGN (0x4)
                0x0800041c                PROVIDE (__fini_array_start, .)
 *(SORT_BY_NAME(.fini_array.*))
 *(.fini_array)
                0x0800041c                PROVIDE (__fini_array_end, .)

.flashtext
 *(.flashtext .flashtext.*)

.text           0x08000420    0x16bb7
 *(.text .text.*)
 .text.HAL_InitTick
                0x08000420       0x2c ./system/src/stm32f4-hal/stm32f4xx_hal.o
                0x08000420                HAL_InitTick
 .text.HAL_Init
                0x0800044c       0x34 ./system/src/stm32f4-hal/stm32f4xx_hal.o
                0x0800044c                HAL_Init
 .text.HAL_IncTick
                0x08000480       0x10 ./system/src/stm32f4-hal/stm32f4xx_hal.o
                0x08000480                HAL_IncTick
 .text.HAL_GetTick
                0x08000490        0xc ./system/src/stm32f4-hal/stm32f4xx_hal.o
                0x08000490                HAL_GetTick
 .text.HAL_NVIC_SetPriorityGrouping
                0x0800049c       0x3c ./system/src/stm32f4-hal/stm32f4xx_hal_cortex.o
                0x0800049c                HAL_NVIC_SetPriorityGrouping
 .text.HAL_NVIC_SetPriority
                0x080004d8       0x8c ./system/src/stm32f4-hal/stm32f4xx_hal_cortex.o
                0x080004d8                HAL_NVIC_SetPriority
 .text.HAL_SYSTICK_Config
                0x08000564       0x2c ./system/src/stm32f4-hal/stm32f4xx_hal_cortex.o
                0x08000564                HAL_SYSTICK_Config
 .text.HAL_SYSTICK_CLKSourceConfig
                0x08000590       0x3c ./system/src/stm32f4-hal/stm32f4xx_hal_cortex.o
                0x08000590                HAL_SYSTICK_CLKSourceConfig
 .text.HAL_RCC_OscConfig
                0x080005cc      0x43c ./system/src/stm32f4-hal/stm32f4xx_hal_rcc.o
                0x080005cc                HAL_RCC_OscConfig
 .text.HAL_RCC_GetSysClockFreq
                0x08000a08       0x94 ./system/src/stm32f4-hal/stm32f4xx_hal_rcc.o
                0x08000a08                HAL_RCC_GetSysClockFreq
 .text.HAL_RCC_ClockConfig
                0x08000a9c      0x258 ./system/src/stm32f4-hal/stm32f4xx_hal_rcc.o
                0x08000a9c                HAL_RCC_ClockConfig
 .text.HAL_RCC_GetHCLKFreq
                0x08000cf4        0xc ./system/src/stm32f4-hal/stm32f4xx_hal_rcc.o
                0x08000cf4                HAL_RCC_GetHCLKFreq
 .text._exit    0x08000d00        0x2 ./system/src/newlib/_exit.o
                0x08000d00                _exit
 *fill*         0x08000d02        0x2 
 .text.abort    0x08000d04       0x14 ./system/src/newlib/_exit.o
                0x08000d04                abort
 .text._sbrk    0x08000d18       0x44 ./system/src/newlib/_sbrk.o
                0x08000d18                _sbrk
 .text.__initialize_args
                0x08000d5c       0x10 ./system/src/newlib/_syscalls.o
                0x08000d5c                __initialize_args
 .text.assert_failed
                0x08000d6c       0x14 ./system/src/newlib/assert.o
                0x08000d6c                assert_failed
 .text.trace_printf
                0x08000d80       0x30 ./system/src/diag/Trace.o
                0x08000d80                trace_printf
 .text.trace_puts
                0x08000db0       0x20 ./system/src/diag/Trace.o
                0x08000db0                trace_puts
 .text._trace_write_semihosting_debug
                0x08000dd0       0x60 ./system/src/diag/trace_impl.o
 .text.trace_write
                0x08000e30        0x8 ./system/src/diag/trace_impl.o
                0x08000e30                trace_write
 .text.__initialize_hardware_early
                0x08000e38       0x18 ./system/src/cortexm/_initialize_hardware.o
                0x08000e38                __initialize_hardware_early
 .text.dumpExceptionStack
                0x08000e50       0xf4 ./system/src/cortexm/exception_handlers.o
                0x08000e50                dumpExceptionStack
 .text.isSemihosting
                0x08000f44       0x20 ./system/src/cortexm/exception_handlers.o
                0x08000f44                isSemihosting
 .text.SystemInit
                0x08000f64       0x40 ./system/src/cmsis/system_stm32f4xx.o
                0x08000f64                SystemInit
 .text.SystemCoreClockUpdate
                0x08000fa4       0xa0 ./system/src/cmsis/system_stm32f4xx.o
                0x08000fa4                SystemCoreClockUpdate
 .text.HLEDMATRIX_voidInit
                0x08001044      0x164 ./src/HLEDMATRIX_Program.o
                0x08001044                HLEDMATRIX_voidInit
 .text.HTFT_voidSendData
                0x080011a8       0x16 ./src/HTFT_Program.o
 .text.HTFT_voidSendCommand
                0x080011be       0x16 ./src/HTFT_Program.o
 .text.HTFT_voidReset
                0x080011d4       0x54 ./src/HTFT_Program.o
                0x080011d4                HTFT_voidReset
 .text.HTFT_voidInit
                0x08001228       0x26 ./src/HTFT_Program.o
                0x08001228                HTFT_voidInit
 .text.HTFT_voidSendPicture
                0x0800124e       0x68 ./src/HTFT_Program.o
                0x0800124e                HTFT_voidSendPicture
 *fill*         0x080012b6        0x2 
 .text.DMA2_Stream0_IRQHandler
                0x080012b8       0x10 ./src/MDMA_Program.o
                0x080012b8                DMA2_Stream0_IRQHandler
 .text.MGPIO_voidSetPinMode
                0x080012c8       0x8c ./src/MGPIO_Program.o
                0x080012c8                MGPIO_voidSetPinMode
 .text.MGPIO_voidSetPinOutputMode
                0x08001354       0xc8 ./src/MGPIO_Program.o
                0x08001354                MGPIO_voidSetPinOutputMode
 .text.MGPIO_voidSetPinValue
                0x0800141c       0xa8 ./src/MGPIO_Program.o
                0x0800141c                MGPIO_voidSetPinValue
 .text.MGPIO_voidSetResetPin
                0x080014c4       0x94 ./src/MGPIO_Program.o
                0x080014c4                MGPIO_voidSetResetPin
 .text.MGPIO_voidSetAltFunction
                0x08001558       0xb0 ./src/MGPIO_Program.o
                0x08001558                MGPIO_voidSetAltFunction
 .text.MGPIO_voidSetAlternativeFunction
                0x08001608       0xb4 ./src/MGPIO_Program.o
                0x08001608                MGPIO_voidSetAlternativeFunction
 .text.MNVIC_voidEnablePeripheralInterrupt
                0x080016bc       0x24 ./src/MNVIC_Program.o
                0x080016bc                MNVIC_voidEnablePeripheralInterrupt
 .text.MRCC_voidInit
                0x080016e0       0x28 ./src/MRCC_Program.o
                0x080016e0                MRCC_voidInit
 .text.MRCC_voidEnablePeripheral
                0x08001708       0x50 ./src/MRCC_Program.o
                0x08001708                MRCC_voidEnablePeripheral
 .text.MSPI_voidInit
                0x08001758       0x10 ./src/MSPI_Program.o
                0x08001758                MSPI_voidInit
 .text.MSPI_voidSendReceiveData
                0x08001768       0x3c ./src/MSPI_Program.o
                0x08001768                MSPI_voidSendReceiveData
 .text.SPI1_IRQHandler
                0x080017a4       0x10 ./src/MSPI_Program.o
                0x080017a4                SPI1_IRQHandler
 .text.MSTK_voidInit
                0x080017b4       0x10 ./src/MSTK_Program.o
                0x080017b4                MSTK_voidInit
 .text.MSTK_voidDelayms
                0x080017c4       0x40 ./src/MSTK_Program.o
                0x080017c4                MSTK_voidDelayms
 .text.MSTK_voidDelayus
                0x08001804       0x40 ./src/MSTK_Program.o
                0x08001804                MSTK_voidDelayus
 *fill*         0x08001844        0x4 
 .text.MUSART_voidInit
                0x08001848      0x140 ./src/MUSART_Program.o
                0x08001848                MUSART_voidInit
 .text.MUSART_voidReceive
                0x08001988       0x50 ./src/MUSART_Program.o
                0x08001988                MUSART_voidReceive
 .text.MUSART_EnableUSART
                0x080019d8       0x40 ./src/MUSART_Program.o
                0x080019d8                MUSART_EnableUSART
 .text.MSUART_voidSetCallBack
                0x08001a18        0xc ./src/MUSART_Program.o
                0x08001a18                MSUART_voidSetCallBack
 .text.USART1_IRQHandler
                0x08001a24       0x10 ./src/MUSART_Program.o
                0x08001a24                USART1_IRQHandler
 .text.timer_tick
                0x08001a34       0x14 ./src/Timer.o
                0x08001a34                timer_tick
 .text.SysTick_Handler
                0x08001a48        0xc ./src/Timer.o
                0x08001a48                SysTick_Handler
 .text.SystemClock_Config
                0x08001a54       0x98 ./src/_initialize_hardware.o
                0x08001a54                SystemClock_Config
 .text.__initialize_hardware
                0x08001aec       0x10 ./src/_initialize_hardware.o
                0x08001aec                __initialize_hardware
 .text.handler_USART
                0x08001afc       0xfc ./src/main.o
                0x08001afc                handler_USART
 .text.main     0x08001bf8       0xc8 ./src/main.o
                0x08001bf8                main
 .text.HAL_MspInit
                0x08001cc0        0x2 ./src/stm32f4xx_hal_msp.o
                0x08001cc0                HAL_MspInit
 *fill*         0x08001cc2        0x2 
 .text          0x08001cc4      0x378 d:/iti arm/03- imt sdk/winarm/armgcc/bin/../lib/gcc/arm-none-eabi/7.2.1/thumb/v7e-m\libgcc.a(_arm_addsubdf3.o)
                0x08001cc4                __aeabi_drsub
                0x08001ccc                __aeabi_dsub
                0x08001ccc                __subdf3
                0x08001cd0                __aeabi_dadd
                0x08001cd0                __adddf3
                0x08001f48                __floatunsidf
                0x08001f48                __aeabi_ui2d
                0x08001f68                __floatsidf
                0x08001f68                __aeabi_i2d
                0x08001f8c                __aeabi_f2d
                0x08001f8c                __extendsfdf2
                0x08001fd0                __floatundidf
                0x08001fd0                __aeabi_ul2d
                0x08001fe0                __floatdidf
                0x08001fe0                __aeabi_l2d
 .text          0x0800203c      0x424 d:/iti arm/03- imt sdk/winarm/armgcc/bin/../lib/gcc/arm-none-eabi/7.2.1/thumb/v7e-m\libgcc.a(_arm_muldivdf3.o)
                0x0800203c                __aeabi_dmul
                0x0800203c                __muldf3
                0x08002290                __divdf3
                0x08002290                __aeabi_ddiv
 .text          0x08002460       0x40 d:/iti arm/03- imt sdk/winarm/armgcc/bin/../lib/gcc/arm-none-eabi/7.2.1/thumb/v7e-m\libgcc.a(_arm_fixunsdfsi.o)
                0x08002460                __aeabi_d2uiz
                0x08002460                __fixunsdfsi
 .text.__errno  0x080024a0        0xc d:/iti arm/03- imt sdk/winarm/armgcc/bin/../lib/gcc/arm-none-eabi/7.2.1/../../../../arm-none-eabi/lib/thumb/v7e-m\libg_nano.a(lib_a-errno.o)
                0x080024a0                __errno
 .text          0x080024ac       0x10 d:/iti arm/03- imt sdk/winarm/armgcc/bin/../lib/gcc/arm-none-eabi/7.2.1/../../../../arm-none-eabi/lib/thumb/v7e-m\libg_nano.a(lib_a-strlen.o)
                0x080024ac                strlen
 .text._vsnprintf_r
                0x080024bc       0x58 d:/iti arm/03- imt sdk/winarm/armgcc/bin/../lib/gcc/arm-none-eabi/7.2.1/../../../../arm-none-eabi/lib/thumb/v7e-m\libg_nano.a(lib_a-vsnprintf.o)
                0x080024bc                _vsniprintf_r
                0x080024bc                _vsnprintf_r
 .text.vsnprintf
                0x08002514       0x1c d:/iti arm/03- imt sdk/winarm/armgcc/bin/../lib/gcc/arm-none-eabi/7.2.1/../../../../arm-none-eabi/lib/thumb/v7e-m\libg_nano.a(lib_a-vsnprintf.o)
                0x08002514                vsniprintf
                0x08002514                vsnprintf
 .text.__ssputs_r
                0x08002530       0xb4 d:/iti arm/03- imt sdk/winarm/armgcc/bin/../lib/gcc/arm-none-eabi/7.2.1/../../../../arm-none-eabi/lib/thumb/v7e-m\libg_nano.a(lib_a-nano-svfprintf.o)
                0x08002530                __ssputs_r
 .text._svfprintf_r
                0x080025e4      0x1ec d:/iti arm/03- imt sdk/winarm/armgcc/bin/../lib/gcc/arm-none-eabi/7.2.1/../../../../arm-none-eabi/lib/thumb/v7e-m\libg_nano.a(lib_a-nano-svfprintf.o)
                0x080025e4                _svfiprintf_r
                0x080025e4                _svfprintf_r
 .text._printf_common
                0x080027d0       0xea d:/iti arm/03- imt sdk/winarm/armgcc/bin/../lib/gcc/arm-none-eabi/7.2.1/../../../../arm-none-eabi/lib/thumb/v7e-m\libg_nano.a(lib_a-nano-vfprintf_i.o)
                0x080027d0                _printf_common
 *fill*         0x080028ba        0x2 
 .text._printf_i
                0x080028bc      0x224 d:/iti arm/03- imt sdk/winarm/armgcc/bin/../lib/gcc/arm-none-eabi/7.2.1/../../../../arm-none-eabi/lib/thumb/v7e-m\libg_nano.a(lib_a-nano-vfprintf_i.o)
                0x080028bc                _printf_i
 .text          0x08002ae0       0xa0 d:/iti arm/03- imt sdk/winarm/armgcc/bin/../lib/gcc/arm-none-eabi/7.2.1/../../../../arm-none-eabi/lib/thumb/v7e-m\libg_nano.a(lib_a-memchr.o)
                0x08002ae0                memchr
 .text.memcpy   0x08002b80       0x16 d:/iti arm/03- imt sdk/winarm/armgcc/bin/../lib/gcc/arm-none-eabi/7.2.1/../../../../arm-none-eabi/lib/thumb/v7e-m\libg_nano.a(lib_a-memcpy-stub.o)
                0x08002b80                memcpy
 .text.memmove  0x08002b96       0x32 d:/iti arm/03- imt sdk/winarm/armgcc/bin/../lib/gcc/arm-none-eabi/7.2.1/../../../../arm-none-eabi/lib/thumb/v7e-m\libg_nano.a(lib_a-memmove.o)
                0x08002b96                memmove
 .text._free_r  0x08002bc8       0x9c d:/iti arm/03- imt sdk/winarm/armgcc/bin/../lib/gcc/arm-none-eabi/7.2.1/../../../../arm-none-eabi/lib/thumb/v7e-m\libg_nano.a(lib_a-nano-freer.o)
                0x08002bc8                _free_r
 .text._malloc_r
                0x08002c64       0xb4 d:/iti arm/03- imt sdk/winarm/armgcc/bin/../lib/gcc/arm-none-eabi/7.2.1/../../../../arm-none-eabi/lib/thumb/v7e-m\libg_nano.a(lib_a-nano-mallocr.o)
                0x08002c64                _malloc_r
 .text._realloc_r
                0x08002d18       0x4c d:/iti arm/03- imt sdk/winarm/armgcc/bin/../lib/gcc/arm-none-eabi/7.2.1/../../../../arm-none-eabi/lib/thumb/v7e-m\libg_nano.a(lib_a-nano-reallocr.o)
                0x08002d18                _realloc_r
 .text._sbrk_r  0x08002d64       0x20 d:/iti arm/03- imt sdk/winarm/armgcc/bin/../lib/gcc/arm-none-eabi/7.2.1/../../../../arm-none-eabi/lib/thumb/v7e-m\libg_nano.a(lib_a-sbrkr.o)
                0x08002d64                _sbrk_r
 .text.__malloc_lock
                0x08002d84        0x2 d:/iti arm/03- imt sdk/winarm/armgcc/bin/../lib/gcc/arm-none-eabi/7.2.1/../../../../arm-none-eabi/lib/thumb/v7e-m\libg_nano.a(lib_a-mlock.o)
                0x08002d84                __malloc_lock
 .text.__malloc_unlock
                0x08002d86        0x2 d:/iti arm/03- imt sdk/winarm/armgcc/bin/../lib/gcc/arm-none-eabi/7.2.1/../../../../arm-none-eabi/lib/thumb/v7e-m\libg_nano.a(lib_a-mlock.o)
                0x08002d86                __malloc_unlock
 .text._malloc_usable_size_r
                0x08002d88       0x10 d:/iti arm/03- imt sdk/winarm/armgcc/bin/../lib/gcc/arm-none-eabi/7.2.1/../../../../arm-none-eabi/lib/thumb/v7e-m\libg_nano.a(lib_a-nano-msizer.o)
                0x08002d88                _malloc_usable_size_r
 *(.rodata .rodata.* .constdata .constdata.*)
 .rodata.HAL_NVIC_SetPriorityGrouping.str1.4
                0x08002d98       0x31 ./system/src/stm32f4-hal/stm32f4xx_hal_cortex.o
 *fill*         0x08002dc9        0x3 
 .rodata.APBAHBPrescTable
                0x08002dcc       0x10 ./system/src/stm32f4-hal/stm32f4xx_hal_rcc.o
                0x08002dcc                APBAHBPrescTable
 .rodata.HAL_RCC_OscConfig.str1.4
                0x08002ddc       0x2e ./system/src/stm32f4-hal/stm32f4xx_hal_rcc.o
 *fill*         0x08002e0a        0x2 
 .rodata.abort.str1.4
                0x08002e0c       0x14 ./system/src/newlib/_exit.o
 .rodata.assert_failed.str1.4
                0x08002e20       0x2b ./system/src/newlib/assert.o
 .rodata.trace_puts.str1.4
                0x08002e4b       0x2b ./system/src/diag/Trace.o
                                  0x2 (size before relaxing)
 *fill*         0x08002e4b        0x1 
 .rodata.dumpExceptionStack.str1.4
                0x08002e4c      0x11a ./system/src/cortexm/exception_handlers.o
 *fill*         0x08002f66        0x2 
 .rodata.str1.4
                0x08002f68       0x2c ./system/src/cortexm/exception_handlers.o
                                 0x2a (size before relaxing)
 .rodata.AHBPrescTable
                0x08002f94       0x10 ./system/src/cmsis/system_stm32f4xx.o
                0x08002f94                AHBPrescTable
 .rodata.AMRDIAB
                0x08002fa4     0xa000 ./src/main.o
                0x08002fa4                AMRDIAB
 .rodata.Monir  0x0800cfa4     0xa000 ./src/main.o
                0x0800cfa4                Monir
 .rodata._svfprintf_r.str1.1
                0x08016fa4       0x11 d:/iti arm/03- imt sdk/winarm/armgcc/bin/../lib/gcc/arm-none-eabi/7.2.1/../../../../arm-none-eabi/lib/thumb/v7e-m\libg_nano.a(lib_a-nano-svfprintf.o)
 .rodata._printf_i.str1.1
                0x08016fb5       0x22 d:/iti arm/03- imt sdk/winarm/armgcc/bin/../lib/gcc/arm-none-eabi/7.2.1/../../../../arm-none-eabi/lib/thumb/v7e-m\libg_nano.a(lib_a-nano-vfprintf_i.o)
 *(vtable)
 *(.eh_frame*)
 *(.glue_7)
 .glue_7        0x08016fd7        0x0 linker stubs
 *(.glue_7t)
 .glue_7t       0x08016fd7        0x0 linker stubs

.vfp11_veneer   0x08016fd8        0x0
 .vfp11_veneer  0x08016fd8        0x0 linker stubs

.v4_bx          0x08016fd8        0x0
 .v4_bx         0x08016fd8        0x0 linker stubs

.iplt           0x08016fd8        0x0
 .iplt          0x08016fd8        0x0 ./system/src/stm32f4-hal/stm32f4xx_hal.o

.rel.dyn        0x08016fd8        0x0
 .rel.iplt      0x08016fd8        0x0 ./system/src/stm32f4-hal/stm32f4xx_hal.o

.ARM.extab
 *(.ARM.extab* .gnu.linkonce.armextab.*)
                0x08016fd8                . = ALIGN (0x4)
                0x08016fd8                __exidx_start = .

.ARM.exidx
 *(.ARM.exidx* .gnu.linkonce.armexidx.*)
                0x08016fd8                __exidx_end = .
                0x08016fd8                . = ALIGN (0x4)
                0x08016fd8                _etext = .
                0x08016fd8                __etext = .

.data_CCMRAM    0x10000000        0x0 load address 0x08016fd8
 FILL mask 0xff
 *(.data.CCMRAM .data.CCMRAM.*)
                0x10000000                . = ALIGN (0x4)
                0x08016fd8                _sidata = LOADADDR (.data)

.data           0x20000000       0x78 load address 0x08016fd8
 FILL mask 0xff
                0x20000000                _sdata = .
                0x20000000                __data_start__ = .
 *(.data_begin .data_begin.*)
 .data_begin    0x20000000        0x4 ./system/src/newlib/_startup.o
 *(.data .data.*)
 .data.argv.4310
                0x20000004        0x8 ./system/src/newlib/_syscalls.o
 .data.SystemCoreClock
                0x2000000c        0x4 ./system/src/cmsis/system_stm32f4xx.o
                0x2000000c                SystemCoreClock
 .data._impure_ptr
                0x20000010        0x4 d:/iti arm/03- imt sdk/winarm/armgcc/bin/../lib/gcc/arm-none-eabi/7.2.1/../../../../arm-none-eabi/lib/thumb/v7e-m\libg_nano.a(lib_a-impure.o)
                0x20000010                _impure_ptr
 .data.impure_data
                0x20000014       0x60 d:/iti arm/03- imt sdk/winarm/armgcc/bin/../lib/gcc/arm-none-eabi/7.2.1/../../../../arm-none-eabi/lib/thumb/v7e-m\libg_nano.a(lib_a-impure.o)
 *(.data_end .data_end.*)
 .data_end      0x20000074        0x4 ./system/src/newlib/_startup.o
                0x20000078                . = ALIGN (0x4)
                0x20000078                _edata = .
                0x20000078                __data_end__ = .

.igot.plt       0x20000078        0x0 load address 0x08017050
 .igot.plt      0x20000078        0x0 ./system/src/stm32f4-hal/stm32f4xx_hal.o

.bss_CCMRAM     0x10000000        0x0
 *(.bss.CCMRAM .bss.CCMRAM.*)

.bss            0x20000078       0xdc
                0x20000078                __bss_start__ = .
                0x20000078                _sbss = .
 *(.bss_begin .bss_begin.*)
 .bss_begin     0x20000078        0x4 ./system/src/newlib/_startup.o
 *(.bss .bss.*)
 .bss.current_heap_end.3961
                0x2000007c        0x4 ./system/src/newlib/_sbrk.o
 .bss.name.4309
                0x20000080        0x1 ./system/src/newlib/_syscalls.o
 *fill*         0x20000081        0x3 
 .bss.buf.5205  0x20000084       0x80 ./system/src/diag/Trace.o
 .bss.DMA2_S0_ptr
                0x20000104       0x20 ./src/MDMA_Program.o
 .bss.MSUART_CallBack
                0x20000124        0x4 ./src/MUSART_Program.o
 .bss.__malloc_free_list
                0x20000128        0x4 d:/iti arm/03- imt sdk/winarm/armgcc/bin/../lib/gcc/arm-none-eabi/7.2.1/../../../../arm-none-eabi/lib/thumb/v7e-m\libg_nano.a(lib_a-nano-mallocr.o)
                0x20000128                __malloc_free_list
 .bss.__malloc_sbrk_start
                0x2000012c        0x4 d:/iti arm/03- imt sdk/winarm/armgcc/bin/../lib/gcc/arm-none-eabi/7.2.1/../../../../arm-none-eabi/lib/thumb/v7e-m\libg_nano.a(lib_a-nano-mallocr.o)
                0x2000012c                __malloc_sbrk_start
 *(COMMON)
 COMMON         0x20000130        0x4 ./system/src/stm32f4-hal/stm32f4xx_hal.o
                0x20000130                uwTick
 COMMON         0x20000134        0x4 ./system/src/newlib/_syscalls.o
                0x20000134                errno
 COMMON         0x20000138       0x10 ./src/MSPI_Program.o
                0x20000138                SPI_CallBack
 COMMON         0x20000148        0x4 ./src/Timer.o
                0x20000148                timer_delayCount
 COMMON         0x2000014c        0x1 ./src/main.o
                0x2000014c                Global_u8RX
 *(.bss_end .bss_end.*)
 *fill*         0x2000014d        0x3 
 .bss_end       0x20000150        0x4 ./system/src/newlib/_startup.o
                0x20000154                . = ALIGN (0x4)
                0x20000154                __bss_end__ = .
                0x20000154                _ebss = .

.noinit_CCMRAM
 *(.noinit.CCMRAM .noinit.CCMRAM.*)

.noinit         0x20000154        0x0
                0x20000154                _noinit = .
 *(.noinit .noinit.*)
                0x20000154                . = ALIGN (0x4)
                0x20000154                _end_noinit = .
                [!provide]                PROVIDE (end, _end_noinit)
                [!provide]                PROVIDE (_end, _end_noinit)
                [!provide]                PROVIDE (__end, _end_noinit)
                [!provide]                PROVIDE (__end__, _end_noinit)

._check_stack   0x20000154      0x100
                0x20000254                . = (. + _Minimum_Stack_Size)
 *fill*         0x20000154      0x100 

.b1text
 *(.b1text)
 *(.b1rodata)
 *(.b1rodata.*)

.eb0text
 *(.eb0text)
 *(.eb0rodata)
 *(.eb0rodata.*)

.eb1text
 *(.eb1text)
 *(.eb1rodata)
 *(.eb1rodata.*)

.eb2text
 *(.eb2text)
 *(.eb2rodata)
 *(.eb2rodata.*)

.eb3text
 *(.eb3text)
 *(.eb3rodata)
 *(.eb3rodata.*)

.stab
 *(.stab)

.stabstr
 *(.stabstr)

.stab.excl
 *(.stab.excl)

.stab.exclstr
 *(.stab.exclstr)

.stab.index
 *(.stab.index)

.stab.indexstr
 *(.stab.indexstr)

.comment        0x00000000       0x7e
 *(.comment)
 .comment       0x00000000       0x7e ./system/src/stm32f4-hal/stm32f4xx_hal.o
                                 0x7f (size before relaxing)
 .comment       0x0000007e       0x7f ./system/src/stm32f4-hal/stm32f4xx_hal_cortex.o
 .comment       0x0000007e       0x7f ./system/src/stm32f4-hal/stm32f4xx_hal_rcc.o
 .comment       0x0000007e       0x7f ./system/src/newlib/_exit.o
 .comment       0x0000007e       0x7f ./system/src/newlib/_sbrk.o
 .comment       0x0000007e       0x7f ./system/src/newlib/_startup.o
 .comment       0x0000007e       0x7f ./system/src/newlib/_syscalls.o
 .comment       0x0000007e       0x7f ./system/src/newlib/assert.o
 .comment       0x0000007e       0x7f ./system/src/diag/Trace.o
 .comment       0x0000007e       0x7f ./system/src/diag/trace_impl.o
 .comment       0x0000007e       0x7f ./system/src/cortexm/_initialize_hardware.o
 .comment       0x0000007e       0x7f ./system/src/cortexm/exception_handlers.o
 .comment       0x0000007e       0x7f ./system/src/cmsis/system_stm32f4xx.o
 .comment       0x0000007e       0x7f ./system/src/cmsis/vectors_stm32f401xc.o
 .comment       0x0000007e       0x7f ./src/HLEDMATRIX_Program.o
 .comment       0x0000007e       0x7f ./src/HTFT_Program.o
 .comment       0x0000007e       0x7f ./src/MDMA_Program.o
 .comment       0x0000007e       0x7f ./src/MGPIO_Program.o
 .comment       0x0000007e       0x7f ./src/MNVIC_Program.o
 .comment       0x0000007e       0x7f ./src/MRCC_Program.o
 .comment       0x0000007e       0x7f ./src/MSPI_Program.o
 .comment       0x0000007e       0x7f ./src/MSTK_Program.o
 .comment       0x0000007e       0x7f ./src/MUSART_Program.o
 .comment       0x0000007e       0x7f ./src/Timer.o
 .comment       0x0000007e       0x7f ./src/_initialize_hardware.o
 .comment       0x0000007e       0x7f ./src/main.o
 .comment       0x0000007e       0x7f ./src/stm32f4xx_hal_msp.o

.ARM.attributes
                0x00000000       0x31
 .ARM.attributes
                0x00000000       0x33 ./system/src/stm32f4-hal/stm32f4xx_hal.o
 .ARM.attributes
                0x00000033       0x33 ./system/src/stm32f4-hal/stm32f4xx_hal_cortex.o
 .ARM.attributes
                0x00000066       0x33 ./system/src/stm32f4-hal/stm32f4xx_hal_rcc.o
 .ARM.attributes
                0x00000099       0x33 ./system/src/newlib/_exit.o
 .ARM.attributes
                0x000000cc       0x33 ./system/src/newlib/_sbrk.o
 .ARM.attributes
                0x000000ff       0x33 ./system/src/newlib/_startup.o
 .ARM.attributes
                0x00000132       0x33 ./system/src/newlib/_syscalls.o
 .ARM.attributes
                0x00000165       0x33 ./system/src/newlib/assert.o
 .ARM.attributes
                0x00000198       0x33 ./system/src/diag/Trace.o
 .ARM.attributes
                0x000001cb       0x33 ./system/src/diag/trace_impl.o
 .ARM.attributes
                0x000001fe       0x33 ./system/src/cortexm/_initialize_hardware.o
 .ARM.attributes
                0x00000231       0x33 ./system/src/cortexm/exception_handlers.o
 .ARM.attributes
                0x00000264       0x33 ./system/src/cmsis/system_stm32f4xx.o
 .ARM.attributes
                0x00000297       0x33 ./system/src/cmsis/vectors_stm32f401xc.o
 .ARM.attributes
                0x000002ca       0x33 ./src/HLEDMATRIX_Program.o
 .ARM.attributes
                0x000002fd       0x33 ./src/HTFT_Program.o
 .ARM.attributes
                0x00000330       0x33 ./src/MDMA_Program.o
 .ARM.attributes
                0x00000363       0x33 ./src/MGPIO_Program.o
 .ARM.attributes
                0x00000396       0x33 ./src/MNVIC_Program.o
 .ARM.attributes
                0x000003c9       0x33 ./src/MRCC_Program.o
 .ARM.attributes
                0x000003fc       0x33 ./src/MSPI_Program.o
 .ARM.attributes
                0x0000042f       0x33 ./src/MSTK_Program.o
 .ARM.attributes
                0x00000462       0x33 ./src/MUSART_Program.o
 .ARM.attributes
                0x00000495       0x33 ./src/Timer.o
 .ARM.attributes
                0x000004c8       0x33 ./src/_initialize_hardware.o
 .ARM.attributes
                0x000004fb       0x33 ./src/main.o
 .ARM.attributes
                0x0000052e       0x33 ./src/stm32f4xx_hal_msp.o
 .ARM.attributes
                0x00000561       0x1e d:/iti arm/03- imt sdk/winarm/armgcc/bin/../lib/gcc/arm-none-eabi/7.2.1/thumb/v7e-m\libgcc.a(_arm_addsubdf3.o)
 .ARM.attributes
                0x0000057f       0x1e d:/iti arm/03- imt sdk/winarm/armgcc/bin/../lib/gcc/arm-none-eabi/7.2.1/thumb/v7e-m\libgcc.a(_arm_muldivdf3.o)
 .ARM.attributes
                0x0000059d       0x1e d:/iti arm/03- imt sdk/winarm/armgcc/bin/../lib/gcc/arm-none-eabi/7.2.1/thumb/v7e-m\libgcc.a(_arm_fixunsdfsi.o)
 .ARM.attributes
                0x000005bb       0x2e d:/iti arm/03- imt sdk/winarm/armgcc/bin/../lib/gcc/arm-none-eabi/7.2.1/../../../../arm-none-eabi/lib/thumb/v7e-m\libg_nano.a(lib_a-errno.o)
 .ARM.attributes
                0x000005e9       0x2e d:/iti arm/03- imt sdk/winarm/armgcc/bin/../lib/gcc/arm-none-eabi/7.2.1/../../../../arm-none-eabi/lib/thumb/v7e-m\libg_nano.a(lib_a-impure.o)
 .ARM.attributes
                0x00000617       0x17 d:/iti arm/03- imt sdk/winarm/armgcc/bin/../lib/gcc/arm-none-eabi/7.2.1/../../../../arm-none-eabi/lib/thumb/v7e-m\libg_nano.a(lib_a-strlen.o)
 .ARM.attributes
                0x0000062e       0x2e d:/iti arm/03- imt sdk/winarm/armgcc/bin/../lib/gcc/arm-none-eabi/7.2.1/../../../../arm-none-eabi/lib/thumb/v7e-m\libg_nano.a(lib_a-vsnprintf.o)
 .ARM.attributes
                0x0000065c       0x2e d:/iti arm/03- imt sdk/winarm/armgcc/bin/../lib/gcc/arm-none-eabi/7.2.1/../../../../arm-none-eabi/lib/thumb/v7e-m\libg_nano.a(lib_a-nano-svfprintf.o)
 .ARM.attributes
                0x0000068a       0x2e d:/iti arm/03- imt sdk/winarm/armgcc/bin/../lib/gcc/arm-none-eabi/7.2.1/../../../../arm-none-eabi/lib/thumb/v7e-m\libg_nano.a(lib_a-nano-vfprintf_i.o)
 .ARM.attributes
                0x000006b8       0x1c d:/iti arm/03- imt sdk/winarm/armgcc/bin/../lib/gcc/arm-none-eabi/7.2.1/../../../../arm-none-eabi/lib/thumb/v7e-m\libg_nano.a(lib_a-memchr.o)
 .ARM.attributes
                0x000006d4       0x2e d:/iti arm/03- imt sdk/winarm/armgcc/bin/../lib/gcc/arm-none-eabi/7.2.1/../../../../arm-none-eabi/lib/thumb/v7e-m\libg_nano.a(lib_a-memcpy-stub.o)
 .ARM.attributes
                0x00000702       0x2e d:/iti arm/03- imt sdk/winarm/armgcc/bin/../lib/gcc/arm-none-eabi/7.2.1/../../../../arm-none-eabi/lib/thumb/v7e-m\libg_nano.a(lib_a-memmove.o)
 .ARM.attributes
                0x00000730       0x2e d:/iti arm/03- imt sdk/winarm/armgcc/bin/../lib/gcc/arm-none-eabi/7.2.1/../../../../arm-none-eabi/lib/thumb/v7e-m\libg_nano.a(lib_a-nano-freer.o)
 .ARM.attributes
                0x0000075e       0x2e d:/iti arm/03- imt sdk/winarm/armgcc/bin/../lib/gcc/arm-none-eabi/7.2.1/../../../../arm-none-eabi/lib/thumb/v7e-m\libg_nano.a(lib_a-nano-mallocr.o)
 .ARM.attributes
                0x0000078c       0x2e d:/iti arm/03- imt sdk/winarm/armgcc/bin/../lib/gcc/arm-none-eabi/7.2.1/../../../../arm-none-eabi/lib/thumb/v7e-m\libg_nano.a(lib_a-nano-reallocr.o)
 .ARM.attributes
                0x000007ba       0x2e d:/iti arm/03- imt sdk/winarm/armgcc/bin/../lib/gcc/arm-none-eabi/7.2.1/../../../../arm-none-eabi/lib/thumb/v7e-m\libg_nano.a(lib_a-sbrkr.o)
 .ARM.attributes
                0x000007e8       0x2e d:/iti arm/03- imt sdk/winarm/armgcc/bin/../lib/gcc/arm-none-eabi/7.2.1/../../../../arm-none-eabi/lib/thumb/v7e-m\libg_nano.a(lib_a-mlock.o)
 .ARM.attributes
                0x00000816       0x2e d:/iti arm/03- imt sdk/winarm/armgcc/bin/../lib/gcc/arm-none-eabi/7.2.1/../../../../arm-none-eabi/lib/thumb/v7e-m\libg_nano.a(lib_a-nano-msizer.o)

.debug
 *(.debug)

.line
 *(.line)

.debug_srcinfo
 *(.debug_srcinfo)

.debug_sfnames
 *(.debug_sfnames)

.debug_aranges  0x00000000      0x780
 *(.debug_aranges)
 .debug_aranges
                0x00000000       0xc0 ./system/src/stm32f4-hal/stm32f4xx_hal.o
 .debug_aranges
                0x000000c0       0x98 ./system/src/stm32f4-hal/stm32f4xx_hal_cortex.o
 .debug_aranges
                0x00000158       0x88 ./system/src/stm32f4-hal/stm32f4xx_hal_rcc.o
 .debug_aranges
                0x000001e0       0x28 ./system/src/newlib/_exit.o
 .debug_aranges
                0x00000208       0x20 ./system/src/newlib/_sbrk.o
 .debug_aranges
                0x00000228       0x40 ./system/src/newlib/_startup.o
 .debug_aranges
                0x00000268       0x30 ./system/src/newlib/_syscalls.o
 .debug_aranges
                0x00000298       0x28 ./system/src/newlib/assert.o
 .debug_aranges
                0x000002c0       0x38 ./system/src/diag/Trace.o
 .debug_aranges
                0x000002f8       0x30 ./system/src/diag/trace_impl.o
 .debug_aranges
                0x00000328       0x28 ./system/src/cortexm/_initialize_hardware.o
 .debug_aranges
                0x00000350       0x90 ./system/src/cortexm/exception_handlers.o
 .debug_aranges
                0x000003e0       0x28 ./system/src/cmsis/system_stm32f4xx.o
 .debug_aranges
                0x00000408       0x20 ./system/src/cmsis/vectors_stm32f401xc.o
 .debug_aranges
                0x00000428       0x38 ./src/HLEDMATRIX_Program.o
 .debug_aranges
                0x00000460       0x40 ./src/HTFT_Program.o
 .debug_aranges
                0x000004a0       0x40 ./src/MDMA_Program.o
 .debug_aranges
                0x000004e0       0x60 ./src/MGPIO_Program.o
 .debug_aranges
                0x00000540       0x50 ./src/MNVIC_Program.o
 .debug_aranges
                0x00000590       0x30 ./src/MRCC_Program.o
 .debug_aranges
                0x000005c0       0x38 ./src/MSPI_Program.o
 .debug_aranges
                0x000005f8       0x78 ./src/MSTK_Program.o
 .debug_aranges
                0x00000670       0x50 ./src/MUSART_Program.o
 .debug_aranges
                0x000006c0       0x38 ./src/Timer.o
 .debug_aranges
                0x000006f8       0x28 ./src/_initialize_hardware.o
 .debug_aranges
                0x00000720       0x28 ./src/main.o
 .debug_aranges
                0x00000748       0x38 ./src/stm32f4xx_hal_msp.o

.debug_pubnames
 *(.debug_pubnames)

.debug_info     0x00000000     0xf9e7
 *(.debug_info .gnu.linkonce.wi.*)
 .debug_info    0x00000000     0x107e ./system/src/stm32f4-hal/stm32f4xx_hal.o
 .debug_info    0x0000107e     0x1863 ./system/src/stm32f4-hal/stm32f4xx_hal_cortex.o
 .debug_info    0x000028e1     0x177e ./system/src/stm32f4-hal/stm32f4xx_hal_rcc.o
 .debug_info    0x0000405f      0x956 ./system/src/newlib/_exit.o
 .debug_info    0x000049b5      0x942 ./system/src/newlib/_sbrk.o
 .debug_info    0x000052f7      0x4bf ./system/src/newlib/_startup.o
 .debug_info    0x000057b6      0xa19 ./system/src/newlib/_syscalls.o
 .debug_info    0x000061cf      0x9ff ./system/src/newlib/assert.o
 .debug_info    0x00006bce      0xb2a ./system/src/diag/Trace.o
 .debug_info    0x000076f8      0xb6b ./system/src/diag/trace_impl.o
 .debug_info    0x00008263      0xade ./system/src/cortexm/_initialize_hardware.o
 .debug_info    0x00008d41     0x115a ./system/src/cortexm/exception_handlers.o
 .debug_info    0x00009e9b      0xcfe ./system/src/cmsis/system_stm32f4xx.o
 .debug_info    0x0000ab99       0xca ./system/src/cmsis/vectors_stm32f401xc.o
 .debug_info    0x0000ac63      0x91f ./src/HLEDMATRIX_Program.o
 .debug_info    0x0000b582      0x406 ./src/HTFT_Program.o
 .debug_info    0x0000b988      0x25f ./src/MDMA_Program.o
 .debug_info    0x0000bbe7      0x384 ./src/MGPIO_Program.o
 .debug_info    0x0000bf6b      0x30d ./src/MNVIC_Program.o
 .debug_info    0x0000c278      0x2bf ./src/MRCC_Program.o
 .debug_info    0x0000c537      0x21f ./src/MSPI_Program.o
 .debug_info    0x0000c756      0x234 ./src/MSTK_Program.o
 .debug_info    0x0000c98a      0x4ef ./src/MUSART_Program.o
 .debug_info    0x0000ce79      0xeaa ./src/Timer.o
 .debug_info    0x0000dd23      0xd34 ./src/_initialize_hardware.o
 .debug_info    0x0000ea57      0x681 ./src/main.o
 .debug_info    0x0000f0d8      0x90f ./src/stm32f4xx_hal_msp.o

.debug_abbrev   0x00000000     0x3257
 *(.debug_abbrev)
 .debug_abbrev  0x00000000      0x32b ./system/src/stm32f4-hal/stm32f4xx_hal.o
 .debug_abbrev  0x0000032b      0x3f1 ./system/src/stm32f4-hal/stm32f4xx_hal_cortex.o
 .debug_abbrev  0x0000071c      0x394 ./system/src/stm32f4-hal/stm32f4xx_hal_rcc.o
 .debug_abbrev  0x00000ab0      0x1f3 ./system/src/newlib/_exit.o
 .debug_abbrev  0x00000ca3      0x1fc ./system/src/newlib/_sbrk.o
 .debug_abbrev  0x00000e9f      0x1cb ./system/src/newlib/_startup.o
 .debug_abbrev  0x0000106a      0x234 ./system/src/newlib/_syscalls.o
 .debug_abbrev  0x0000129e      0x1f3 ./system/src/newlib/assert.o
 .debug_abbrev  0x00001491      0x276 ./system/src/diag/Trace.o
 .debug_abbrev  0x00001707      0x2ef ./system/src/diag/trace_impl.o
 .debug_abbrev  0x000019f6      0x1de ./system/src/cortexm/_initialize_hardware.o
 .debug_abbrev  0x00001bd4      0x32b ./system/src/cortexm/exception_handlers.o
 .debug_abbrev  0x00001eff      0x216 ./system/src/cmsis/system_stm32f4xx.o
 .debug_abbrev  0x00002115       0x9d ./system/src/cmsis/vectors_stm32f401xc.o
 .debug_abbrev  0x000021b2       0xac ./src/HLEDMATRIX_Program.o
 .debug_abbrev  0x0000225e       0xda ./src/HTFT_Program.o
 .debug_abbrev  0x00002338      0x11a ./src/MDMA_Program.o
 .debug_abbrev  0x00002452      0x103 ./src/MGPIO_Program.o
 .debug_abbrev  0x00002555      0x11e ./src/MNVIC_Program.o
 .debug_abbrev  0x00002673       0xb3 ./src/MRCC_Program.o
 .debug_abbrev  0x00002726      0x15e ./src/MSPI_Program.o
 .debug_abbrev  0x00002884      0x10a ./src/MSTK_Program.o
 .debug_abbrev  0x0000298e      0x150 ./src/MUSART_Program.o
 .debug_abbrev  0x00002ade      0x2b2 ./src/Timer.o
 .debug_abbrev  0x00002d90      0x22d ./src/_initialize_hardware.o
 .debug_abbrev  0x00002fbd       0xe9 ./src/main.o
 .debug_abbrev  0x000030a6      0x1b1 ./src/stm32f4xx_hal_msp.o

.debug_line     0x00000000     0x931e
 *(.debug_line)
 .debug_line    0x00000000      0xb48 ./system/src/stm32f4-hal/stm32f4xx_hal.o
 .debug_line    0x00000b48      0xc3f ./system/src/stm32f4-hal/stm32f4xx_hal_cortex.o
 .debug_line    0x00001787      0xdca ./system/src/stm32f4-hal/stm32f4xx_hal_rcc.o
 .debug_line    0x00002551      0x30b ./system/src/newlib/_exit.o
 .debug_line    0x0000285c      0x2bf ./system/src/newlib/_sbrk.o
 .debug_line    0x00002b1b      0x387 ./system/src/newlib/_startup.o
 .debug_line    0x00002ea2      0x3c4 ./system/src/newlib/_syscalls.o
 .debug_line    0x00003266      0x346 ./system/src/newlib/assert.o
 .debug_line    0x000035ac      0x387 ./system/src/diag/Trace.o
 .debug_line    0x00003933      0xa7b ./system/src/diag/trace_impl.o
 .debug_line    0x000043ae      0x9e4 ./system/src/cortexm/_initialize_hardware.o
 .debug_line    0x00004d92      0xb32 ./system/src/cortexm/exception_handlers.o
 .debug_line    0x000058c4      0x9ea ./system/src/cmsis/system_stm32f4xx.o
 .debug_line    0x000062ae       0xf1 ./system/src/cmsis/vectors_stm32f401xc.o
 .debug_line    0x0000639f      0x1de ./src/HLEDMATRIX_Program.o
 .debug_line    0x0000657d      0x225 ./src/HTFT_Program.o
 .debug_line    0x000067a2      0x110 ./src/MDMA_Program.o
 .debug_line    0x000068b2      0x261 ./src/MGPIO_Program.o
 .debug_line    0x00006b13      0x138 ./src/MNVIC_Program.o
 .debug_line    0x00006c4b       0xfd ./src/MRCC_Program.o
 .debug_line    0x00006d48      0x146 ./src/MSPI_Program.o
 .debug_line    0x00006e8e      0x1b6 ./src/MSTK_Program.o
 .debug_line    0x00007044      0x1e0 ./src/MUSART_Program.o
 .debug_line    0x00007224      0xa3e ./src/Timer.o
 .debug_line    0x00007c62      0x9dd ./src/_initialize_hardware.o
 .debug_line    0x0000863f      0x301 ./src/main.o
 .debug_line    0x00008940      0x9de ./src/stm32f4xx_hal_msp.o

.debug_frame    0x00000000     0x12f4
 *(.debug_frame)
 .debug_frame   0x00000000      0x188 ./system/src/stm32f4-hal/stm32f4xx_hal.o
 .debug_frame   0x00000188      0x17c ./system/src/stm32f4-hal/stm32f4xx_hal_cortex.o
 .debug_frame   0x00000304      0x140 ./system/src/stm32f4-hal/stm32f4xx_hal_rcc.o
 .debug_frame   0x00000444       0x38 ./system/src/newlib/_exit.o
 .debug_frame   0x0000047c       0x28 ./system/src/newlib/_sbrk.o
 .debug_frame   0x000004a4       0x7c ./system/src/newlib/_startup.o
 .debug_frame   0x00000520       0x50 ./system/src/newlib/_syscalls.o
 .debug_frame   0x00000570       0x40 ./system/src/newlib/assert.o
 .debug_frame   0x000005b0       0x94 ./system/src/diag/Trace.o
 .debug_frame   0x00000644       0x64 ./system/src/diag/trace_impl.o
 .debug_frame   0x000006a8       0x40 ./system/src/cortexm/_initialize_hardware.o
 .debug_frame   0x000006e8      0x158 ./system/src/cortexm/exception_handlers.o
 .debug_frame   0x00000840       0x30 ./system/src/cmsis/system_stm32f4xx.o
 .debug_frame   0x00000870       0x20 ./system/src/cmsis/vectors_stm32f401xc.o
 .debug_frame   0x00000890       0x70 ./src/HLEDMATRIX_Program.o
 .debug_frame   0x00000900       0x8c ./src/HTFT_Program.o
 .debug_frame   0x0000098c       0x88 ./src/MDMA_Program.o
 .debug_frame   0x00000a14       0xf0 ./src/MGPIO_Program.o
 .debug_frame   0x00000b04       0xb0 ./src/MNVIC_Program.o
 .debug_frame   0x00000bb4       0x40 ./src/MRCC_Program.o
 .debug_frame   0x00000bf4       0x60 ./src/MSPI_Program.o
 .debug_frame   0x00000c54       0xe0 ./src/MSTK_Program.o
 .debug_frame   0x00000d34       0xa0 ./src/MUSART_Program.o
 .debug_frame   0x00000dd4       0x58 ./src/Timer.o
 .debug_frame   0x00000e2c       0x4c ./src/_initialize_hardware.o
 .debug_frame   0x00000e78       0x44 ./src/main.o
 .debug_frame   0x00000ebc       0x50 ./src/stm32f4xx_hal_msp.o
 .debug_frame   0x00000f0c       0xac d:/iti arm/03- imt sdk/winarm/armgcc/bin/../lib/gcc/arm-none-eabi/7.2.1/thumb/v7e-m\libgcc.a(_arm_addsubdf3.o)
 .debug_frame   0x00000fb8       0x50 d:/iti arm/03- imt sdk/winarm/armgcc/bin/../lib/gcc/arm-none-eabi/7.2.1/thumb/v7e-m\libgcc.a(_arm_muldivdf3.o)
 .debug_frame   0x00001008       0x24 d:/iti arm/03- imt sdk/winarm/armgcc/bin/../lib/gcc/arm-none-eabi/7.2.1/thumb/v7e-m\libgcc.a(_arm_fixunsdfsi.o)
 .debug_frame   0x0000102c       0x20 d:/iti arm/03- imt sdk/winarm/armgcc/bin/../lib/gcc/arm-none-eabi/7.2.1/../../../../arm-none-eabi/lib/thumb/v7e-m\libg_nano.a(lib_a-errno.o)
 .debug_frame   0x0000104c       0x4c d:/iti arm/03- imt sdk/winarm/armgcc/bin/../lib/gcc/arm-none-eabi/7.2.1/../../../../arm-none-eabi/lib/thumb/v7e-m\libg_nano.a(lib_a-vsnprintf.o)
 .debug_frame   0x00001098       0x90 d:/iti arm/03- imt sdk/winarm/armgcc/bin/../lib/gcc/arm-none-eabi/7.2.1/../../../../arm-none-eabi/lib/thumb/v7e-m\libg_nano.a(lib_a-nano-svfprintf.o)
 .debug_frame   0x00001128       0x60 d:/iti arm/03- imt sdk/winarm/armgcc/bin/../lib/gcc/arm-none-eabi/7.2.1/../../../../arm-none-eabi/lib/thumb/v7e-m\libg_nano.a(lib_a-nano-vfprintf_i.o)
 .debug_frame   0x00001188       0x28 d:/iti arm/03- imt sdk/winarm/armgcc/bin/../lib/gcc/arm-none-eabi/7.2.1/../../../../arm-none-eabi/lib/thumb/v7e-m\libg_nano.a(lib_a-memcpy-stub.o)
 .debug_frame   0x000011b0       0x28 d:/iti arm/03- imt sdk/winarm/armgcc/bin/../lib/gcc/arm-none-eabi/7.2.1/../../../../arm-none-eabi/lib/thumb/v7e-m\libg_nano.a(lib_a-memmove.o)
 .debug_frame   0x000011d8       0x38 d:/iti arm/03- imt sdk/winarm/armgcc/bin/../lib/gcc/arm-none-eabi/7.2.1/../../../../arm-none-eabi/lib/thumb/v7e-m\libg_nano.a(lib_a-nano-freer.o)
 .debug_frame   0x00001210       0x2c d:/iti arm/03- imt sdk/winarm/armgcc/bin/../lib/gcc/arm-none-eabi/7.2.1/../../../../arm-none-eabi/lib/thumb/v7e-m\libg_nano.a(lib_a-nano-mallocr.o)
 .debug_frame   0x0000123c       0x3c d:/iti arm/03- imt sdk/winarm/armgcc/bin/../lib/gcc/arm-none-eabi/7.2.1/../../../../arm-none-eabi/lib/thumb/v7e-m\libg_nano.a(lib_a-nano-reallocr.o)
 .debug_frame   0x00001278       0x2c d:/iti arm/03- imt sdk/winarm/armgcc/bin/../lib/gcc/arm-none-eabi/7.2.1/../../../../arm-none-eabi/lib/thumb/v7e-m\libg_nano.a(lib_a-sbrkr.o)
 .debug_frame   0x000012a4       0x30 d:/iti arm/03- imt sdk/winarm/armgcc/bin/../lib/gcc/arm-none-eabi/7.2.1/../../../../arm-none-eabi/lib/thumb/v7e-m\libg_nano.a(lib_a-mlock.o)
 .debug_frame   0x000012d4       0x20 d:/iti arm/03- imt sdk/winarm/armgcc/bin/../lib/gcc/arm-none-eabi/7.2.1/../../../../arm-none-eabi/lib/thumb/v7e-m\libg_nano.a(lib_a-nano-msizer.o)

.debug_str      0x00000000    0x76233
 *(.debug_str)
 .debug_str     0x00000000    0x6fc4a ./system/src/stm32f4-hal/stm32f4xx_hal.o
                              0x7007e (size before relaxing)
 .debug_str     0x0006fc4a      0x398 ./system/src/stm32f4-hal/stm32f4xx_hal_cortex.o
                              0x6fee8 (size before relaxing)
 .debug_str     0x0006ffe2      0x3f4 ./system/src/stm32f4-hal/stm32f4xx_hal_rcc.o
                              0x6fc00 (size before relaxing)
 .debug_str     0x000703d6     0x10ff ./system/src/newlib/_exit.o
                               0x7edf (size before relaxing)
 .debug_str     0x000714d5      0x4f5 ./system/src/newlib/_sbrk.o
                               0x7291 (size before relaxing)
 .debug_str     0x000719ca      0x2c6 ./system/src/newlib/_startup.o
                               0x6a32 (size before relaxing)
 .debug_str     0x00071c90      0xe8b ./system/src/newlib/_syscalls.o
                               0x816c (size before relaxing)
 .debug_str     0x00072b1b       0xd0 ./system/src/newlib/assert.o
                               0x89e4 (size before relaxing)
 .debug_str     0x00072beb      0x176 ./system/src/diag/Trace.o
                               0x8657 (size before relaxing)
 .debug_str     0x00072d61      0x37b ./system/src/diag/trace_impl.o
                              0x7097d (size before relaxing)
 .debug_str     0x000730dc       0x5e ./system/src/cortexm/_initialize_hardware.o
                              0x6f70f (size before relaxing)
 .debug_str     0x0007313a      0x19d ./system/src/cortexm/exception_handlers.o
                              0x70b07 (size before relaxing)
 .debug_str     0x000732d7       0x46 ./system/src/cmsis/system_stm32f4xx.o
                              0x6f7f0 (size before relaxing)
 .debug_str     0x0007331d       0x59 ./system/src/cmsis/vectors_stm32f401xc.o
                               0x386f (size before relaxing)
 .debug_str     0x00073376      0x5b5 ./src/HLEDMATRIX_Program.o
                               0x334a (size before relaxing)
 .debug_str     0x0007392b      0x7ab ./src/HTFT_Program.o
                               0x39d0 (size before relaxing)
 .debug_str     0x000740d6      0x21d ./src/MDMA_Program.o
                               0x3104 (size before relaxing)
 .debug_str     0x000742f3      0x369 ./src/MGPIO_Program.o
                               0x35c4 (size before relaxing)
 .debug_str     0x0007465c      0x2d7 ./src/MNVIC_Program.o
                               0x3217 (size before relaxing)
 .debug_str     0x00074933      0x270 ./src/MRCC_Program.o
                               0x3517 (size before relaxing)
 .debug_str     0x00074ba3      0x3d3 ./src/MSPI_Program.o
                               0x3836 (size before relaxing)
 .debug_str     0x00074f76      0x2d5 ./src/MSTK_Program.o
                               0x3226 (size before relaxing)
 .debug_str     0x0007524b      0xe7f ./src/MUSART_Program.o
                               0x3da5 (size before relaxing)
 .debug_str     0x000760ca       0x76 ./src/Timer.o
                              0x6fb97 (size before relaxing)
 .debug_str     0x00076140       0x31 ./src/_initialize_hardware.o
                              0x6f906 (size before relaxing)
 .debug_str     0x00076171       0x85 ./src/main.o
                               0x3992 (size before relaxing)
 .debug_str     0x000761f6       0x3d ./src/stm32f4xx_hal_msp.o
                              0x6f657 (size before relaxing)

.debug_loc      0x00000000     0x2621
 *(.debug_loc)
 .debug_loc     0x00000000       0x92 ./system/src/stm32f4-hal/stm32f4xx_hal.o
 .debug_loc     0x00000092      0x73b ./system/src/stm32f4-hal/stm32f4xx_hal_cortex.o
 .debug_loc     0x000007cd      0x50a ./system/src/stm32f4-hal/stm32f4xx_hal_rcc.o
 .debug_loc     0x00000cd7       0x85 ./system/src/newlib/_sbrk.o
 .debug_loc     0x00000d5c      0x2cb ./system/src/newlib/_startup.o
 .debug_loc     0x00001027       0x63 ./system/src/newlib/_syscalls.o
 .debug_loc     0x0000108a      0x134 ./system/src/newlib/assert.o
 .debug_loc     0x000011be       0xf6 ./system/src/diag/Trace.o
 .debug_loc     0x000012b4      0x121 ./system/src/diag/trace_impl.o
 .debug_loc     0x000013d5      0x291 ./system/src/cortexm/exception_handlers.o
 .debug_loc     0x00001666      0x13e ./system/src/cmsis/system_stm32f4xx.o
 .debug_loc     0x000017a4       0x3f ./src/HLEDMATRIX_Program.o
 .debug_loc     0x000017e3       0x8a ./src/HTFT_Program.o
 .debug_loc     0x0000186d       0x76 ./src/MDMA_Program.o
 .debug_loc     0x000018e3      0x78f ./src/MGPIO_Program.o
 .debug_loc     0x00002072      0x1df ./src/MNVIC_Program.o
 .debug_loc     0x00002251      0x1b0 ./src/MRCC_Program.o
 .debug_loc     0x00002401       0x21 ./src/MSPI_Program.o
 .debug_loc     0x00002422       0x63 ./src/MSTK_Program.o
 .debug_loc     0x00002485      0x105 ./src/MUSART_Program.o
 .debug_loc     0x0000258a       0x59 ./src/Timer.o
 .debug_loc     0x000025e3       0x3e ./src/main.o

.debug_macinfo
 *(.debug_macinfo)

.debug_weaknames
 *(.debug_weaknames)

.debug_funcnames
 *(.debug_funcnames)

.debug_typenames
 *(.debug_typenames)

.debug_varnames
 *(.debug_varnames)
OUTPUT(Receive.elf elf32-littlearm)

.debug_ranges   0x00000000      0x6c0
 .debug_ranges  0x00000000       0xb0 ./system/src/stm32f4-hal/stm32f4xx_hal.o
 .debug_ranges  0x000000b0       0xe8 ./system/src/stm32f4-hal/stm32f4xx_hal_cortex.o
 .debug_ranges  0x00000198       0x78 ./system/src/stm32f4-hal/stm32f4xx_hal_rcc.o
 .debug_ranges  0x00000210       0x18 ./system/src/newlib/_exit.o
 .debug_ranges  0x00000228       0x10 ./system/src/newlib/_sbrk.o
 .debug_ranges  0x00000238       0x90 ./system/src/newlib/_startup.o
 .debug_ranges  0x000002c8       0x20 ./system/src/newlib/_syscalls.o
 .debug_ranges  0x000002e8       0x18 ./system/src/newlib/assert.o
 .debug_ranges  0x00000300       0x28 ./system/src/diag/Trace.o
 .debug_ranges  0x00000328       0x50 ./system/src/diag/trace_impl.o
 .debug_ranges  0x00000378       0x18 ./system/src/cortexm/_initialize_hardware.o
 .debug_ranges  0x00000390       0x80 ./system/src/cortexm/exception_handlers.o
 .debug_ranges  0x00000410       0x18 ./system/src/cmsis/system_stm32f4xx.o
 .debug_ranges  0x00000428       0x10 ./system/src/cmsis/vectors_stm32f401xc.o
 .debug_ranges  0x00000438       0x28 ./src/HLEDMATRIX_Program.o
 .debug_ranges  0x00000460       0x30 ./src/HTFT_Program.o
 .debug_ranges  0x00000490       0x30 ./src/MDMA_Program.o
 .debug_ranges  0x000004c0       0x50 ./src/MGPIO_Program.o
 .debug_ranges  0x00000510       0x40 ./src/MNVIC_Program.o
 .debug_ranges  0x00000550       0x20 ./src/MRCC_Program.o
 .debug_ranges  0x00000570       0x28 ./src/MSPI_Program.o
 .debug_ranges  0x00000598       0x68 ./src/MSTK_Program.o
 .debug_ranges  0x00000600       0x40 ./src/MUSART_Program.o
 .debug_ranges  0x00000640       0x28 ./src/Timer.o
 .debug_ranges  0x00000668       0x18 ./src/_initialize_hardware.o
 .debug_ranges  0x00000680       0x18 ./src/main.o
 .debug_ranges  0x00000698       0x28 ./src/stm32f4xx_hal_msp.o

.debug_macro    0x00000000    0x16015
 .debug_macro   0x00000000      0x532 ./system/src/stm32f4-hal/stm32f4xx_hal.o
 .debug_macro   0x00000532      0xa6c ./system/src/stm32f4-hal/stm32f4xx_hal.o
 .debug_macro   0x00000f9e      0x289 ./system/src/stm32f4-hal/stm32f4xx_hal.o
 .debug_macro   0x00001227       0x31 ./system/src/stm32f4-hal/stm32f4xx_hal.o
 .debug_macro   0x00001258       0x28 ./system/src/stm32f4-hal/stm32f4xx_hal.o
 .debug_macro   0x00001280      0x34e ./system/src/stm32f4-hal/stm32f4xx_hal.o
 .debug_macro   0x000015ce       0x35 ./system/src/stm32f4-hal/stm32f4xx_hal.o
 .debug_macro   0x00001603       0x50 ./system/src/stm32f4-hal/stm32f4xx_hal.o
 .debug_macro   0x00001653      0xe66 ./system/src/stm32f4-hal/stm32f4xx_hal.o
 .debug_macro   0x000024b9     0x5099 ./system/src/stm32f4-hal/stm32f4xx_hal.o
 .debug_macro   0x00007552       0x43 ./system/src/stm32f4-hal/stm32f4xx_hal.o
 .debug_macro   0x00007595     0x347f ./system/src/stm32f4-hal/stm32f4xx_hal.o
 .debug_macro   0x0000aa14       0x22 ./system/src/stm32f4-hal/stm32f4xx_hal.o
 .debug_macro   0x0000aa36       0x52 ./system/src/stm32f4-hal/stm32f4xx_hal.o
 .debug_macro   0x0000aa88       0x17 ./system/src/stm32f4-hal/stm32f4xx_hal.o
 .debug_macro   0x0000aa9f       0x8d ./system/src/stm32f4-hal/stm32f4xx_hal.o
 .debug_macro   0x0000ab2c       0x35 ./system/src/stm32f4-hal/stm32f4xx_hal.o
 .debug_macro   0x0000ab61       0x9c ./system/src/stm32f4-hal/stm32f4xx_hal.o
 .debug_macro   0x0000abfd       0x16 ./system/src/stm32f4-hal/stm32f4xx_hal.o
 .debug_macro   0x0000ac13       0x57 ./system/src/stm32f4-hal/stm32f4xx_hal.o
 .debug_macro   0x0000ac6a       0x97 ./system/src/stm32f4-hal/stm32f4xx_hal.o
 .debug_macro   0x0000ad01      0x330 ./system/src/stm32f4-hal/stm32f4xx_hal.o
 .debug_macro   0x0000b031       0xfd ./system/src/stm32f4-hal/stm32f4xx_hal.o
 .debug_macro   0x0000b12e       0x10 ./system/src/stm32f4-hal/stm32f4xx_hal.o
 .debug_macro   0x0000b13e       0x58 ./system/src/stm32f4-hal/stm32f4xx_hal.o
 .debug_macro   0x0000b196       0x1f ./system/src/stm32f4-hal/stm32f4xx_hal.o
 .debug_macro   0x0000b1b5       0x43 ./system/src/stm32f4-hal/stm32f4xx_hal.o
 .debug_macro   0x0000b1f8       0x20 ./system/src/stm32f4-hal/stm32f4xx_hal.o
 .debug_macro   0x0000b218      0x18e ./system/src/stm32f4-hal/stm32f4xx_hal.o
 .debug_macro   0x0000b3a6       0x10 ./system/src/stm32f4-hal/stm32f4xx_hal.o
 .debug_macro   0x0000b3b6       0x6a ./system/src/stm32f4-hal/stm32f4xx_hal.o
 .debug_macro   0x0000b420       0x1c ./system/src/stm32f4-hal/stm32f4xx_hal.o
 .debug_macro   0x0000b43c       0x52 ./system/src/stm32f4-hal/stm32f4xx_hal.o
 .debug_macro   0x0000b48e       0x40 ./system/src/stm32f4-hal/stm32f4xx_hal.o
 .debug_macro   0x0000b4ce       0x10 ./system/src/stm32f4-hal/stm32f4xx_hal.o
 .debug_macro   0x0000b4de       0x40 ./system/src/stm32f4-hal/stm32f4xx_hal.o
 .debug_macro   0x0000b51e       0xd7 ./system/src/stm32f4-hal/stm32f4xx_hal.o
 .debug_macro   0x0000b5f5       0x1c ./system/src/stm32f4-hal/stm32f4xx_hal.o
 .debug_macro   0x0000b611       0x3d ./system/src/stm32f4-hal/stm32f4xx_hal.o
 .debug_macro   0x0000b64e       0x16 ./system/src/stm32f4-hal/stm32f4xx_hal.o
 .debug_macro   0x0000b664      0x16f ./system/src/stm32f4-hal/stm32f4xx_hal.o
 .debug_macro   0x0000b7d3       0x57 ./system/src/stm32f4-hal/stm32f4xx_hal.o
 .debug_macro   0x0000b82a      0x424 ./system/src/stm32f4-hal/stm32f4xx_hal.o
 .debug_macro   0x0000bc4e      0x9e1 ./system/src/stm32f4-hal/stm32f4xx_hal.o
 .debug_macro   0x0000c62f      0x11e ./system/src/stm32f4-hal/stm32f4xx_hal.o
 .debug_macro   0x0000c74d       0xf8 ./system/src/stm32f4-hal/stm32f4xx_hal.o
 .debug_macro   0x0000c845       0x27 ./system/src/stm32f4-hal/stm32f4xx_hal.o
 .debug_macro   0x0000c86c      0x287 ./system/src/stm32f4-hal/stm32f4xx_hal.o
 .debug_macro   0x0000caf3       0x5f ./system/src/stm32f4-hal/stm32f4xx_hal.o
 .debug_macro   0x0000cb52      0x23a ./system/src/stm32f4-hal/stm32f4xx_hal.o
 .debug_macro   0x0000cd8c      0x391 ./system/src/stm32f4-hal/stm32f4xx_hal.o
 .debug_macro   0x0000d11d      0x16f ./system/src/stm32f4-hal/stm32f4xx_hal.o
 .debug_macro   0x0000d28c       0xf9 ./system/src/stm32f4-hal/stm32f4xx_hal.o
 .debug_macro   0x0000d385       0x23 ./system/src/stm32f4-hal/stm32f4xx_hal.o
 .debug_macro   0x0000d3a8      0x13a ./system/src/stm32f4-hal/stm32f4xx_hal.o
 .debug_macro   0x0000d4e2      0x23a ./system/src/stm32f4-hal/stm32f4xx_hal.o
 .debug_macro   0x0000d71c       0x2e ./system/src/stm32f4-hal/stm32f4xx_hal.o
 .debug_macro   0x0000d74a      0x1a7 ./system/src/stm32f4-hal/stm32f4xx_hal.o
 .debug_macro   0x0000d8f1       0x22 ./system/src/stm32f4-hal/stm32f4xx_hal.o
 .debug_macro   0x0000d913       0xa5 ./system/src/stm32f4-hal/stm32f4xx_hal.o
 .debug_macro   0x0000d9b8      0x18b ./system/src/stm32f4-hal/stm32f4xx_hal.o
 .debug_macro   0x0000db43       0x24 ./system/src/stm32f4-hal/stm32f4xx_hal.o
 .debug_macro   0x0000db67       0x35 ./system/src/stm32f4-hal/stm32f4xx_hal.o
 .debug_macro   0x0000db9c       0x79 ./system/src/stm32f4-hal/stm32f4xx_hal.o
 .debug_macro   0x0000dc15      0x11e ./system/src/stm32f4-hal/stm32f4xx_hal.o
 .debug_macro   0x0000dd33       0x85 ./system/src/stm32f4-hal/stm32f4xx_hal.o
 .debug_macro   0x0000ddb8       0x89 ./system/src/stm32f4-hal/stm32f4xx_hal.o
 .debug_macro   0x0000de41      0x31a ./system/src/stm32f4-hal/stm32f4xx_hal.o
 .debug_macro   0x0000e15b      0x409 ./system/src/stm32f4-hal/stm32f4xx_hal.o
 .debug_macro   0x0000e564       0xe4 ./system/src/stm32f4-hal/stm32f4xx_hal.o
 .debug_macro   0x0000e648      0x48d ./system/src/stm32f4-hal/stm32f4xx_hal.o
 .debug_macro   0x0000ead5      0x22b ./system/src/stm32f4-hal/stm32f4xx_hal.o
 .debug_macro   0x0000ed00      0x202 ./system/src/stm32f4-hal/stm32f4xx_hal.o
 .debug_macro   0x0000ef02      0x6d9 ./system/src/stm32f4-hal/stm32f4xx_hal.o
 .debug_macro   0x0000f5db       0x5b ./system/src/stm32f4-hal/stm32f4xx_hal.o
 .debug_macro   0x0000f636      0x14d ./system/src/stm32f4-hal/stm32f4xx_hal.o
 .debug_macro   0x0000f783      0x287 ./system/src/stm32f4-hal/stm32f4xx_hal.o
 .debug_macro   0x0000fa0a      0x225 ./system/src/stm32f4-hal/stm32f4xx_hal.o
 .debug_macro   0x0000fc2f      0x1b5 ./system/src/stm32f4-hal/stm32f4xx_hal.o
 .debug_macro   0x0000fde4      0x2db ./system/src/stm32f4-hal/stm32f4xx_hal.o
 .debug_macro   0x000100bf       0x89 ./system/src/stm32f4-hal/stm32f4xx_hal.o
 .debug_macro   0x00010148      0x1df ./system/src/stm32f4-hal/stm32f4xx_hal.o
 .debug_macro   0x00010327      0x115 ./system/src/stm32f4-hal/stm32f4xx_hal.o
 .debug_macro   0x0001043c       0x6e ./system/src/stm32f4-hal/stm32f4xx_hal.o
 .debug_macro   0x000104aa      0x11e ./system/src/stm32f4-hal/stm32f4xx_hal.o
 .debug_macro   0x000105c8      0x4e4 ./system/src/stm32f4-hal/stm32f4xx_hal_cortex.o
 .debug_macro   0x00010aac      0x50e ./system/src/stm32f4-hal/stm32f4xx_hal_rcc.o
 .debug_macro   0x00010fba      0x1b4 ./system/src/newlib/_exit.o
 .debug_macro   0x0001116e      0x10e ./system/src/newlib/_exit.o
 .debug_macro   0x0001127c       0x8d ./system/src/newlib/_exit.o
 .debug_macro   0x00011309       0x35 ./system/src/newlib/_exit.o
 .debug_macro   0x0001133e      0x169 ./system/src/newlib/_sbrk.o
 .debug_macro   0x000114a7      0x174 ./system/src/newlib/_sbrk.o
 .debug_macro   0x0001161b       0x10 ./system/src/newlib/_sbrk.o
 .debug_macro   0x0001162b      0x23b ./system/src/newlib/_sbrk.o
 .debug_macro   0x00011866      0x173 ./system/src/newlib/_startup.o
 .debug_macro   0x000119d9      0xa72 ./system/src/newlib/_startup.o
 .debug_macro   0x0001244b      0x217 ./system/src/newlib/_syscalls.o
 .debug_macro   0x00012662       0x1c ./system/src/newlib/_syscalls.o
 .debug_macro   0x0001267e       0x10 ./system/src/newlib/_syscalls.o
 .debug_macro   0x0001268e       0x10 ./system/src/newlib/_syscalls.o
 .debug_macro   0x0001269e       0x10 ./system/src/newlib/_syscalls.o
 .debug_macro   0x000126ae       0x35 ./system/src/newlib/_syscalls.o
 .debug_macro   0x000126e3      0x122 ./system/src/newlib/_syscalls.o
 .debug_macro   0x00012805       0x88 ./system/src/newlib/_syscalls.o
 .debug_macro   0x0001288d       0x2b ./system/src/newlib/_syscalls.o
 .debug_macro   0x000128b8      0x118 ./system/src/newlib/_syscalls.o
 .debug_macro   0x000129d0      0x189 ./system/src/newlib/_syscalls.o
 .debug_macro   0x00012b59       0x16 ./system/src/newlib/_syscalls.o
 .debug_macro   0x00012b6f      0x1d0 ./system/src/newlib/assert.o
 .debug_macro   0x00012d3f       0x1c ./system/src/newlib/assert.o
 .debug_macro   0x00012d5b      0x1fb ./system/src/diag/Trace.o
 .debug_macro   0x00012f56       0x4c ./system/src/diag/Trace.o
 .debug_macro   0x00012fa2       0x16 ./system/src/diag/Trace.o
 .debug_macro   0x00012fb8      0x52a ./system/src/diag/trace_impl.o
 .debug_macro   0x000134e2       0x22 ./system/src/diag/trace_impl.o
 .debug_macro   0x00013504      0x4ee ./system/src/cortexm/_initialize_hardware.o
 .debug_macro   0x000139f2      0x557 ./system/src/cortexm/exception_handlers.o
 .debug_macro   0x00013f49       0x3b ./system/src/cortexm/exception_handlers.o
 .debug_macro   0x00013f84      0x4ea ./system/src/cmsis/system_stm32f4xx.o
 .debug_macro   0x0001446e       0x34 ./system/src/cmsis/vectors_stm32f401xc.o
 .debug_macro   0x000144a2       0x64 ./src/HLEDMATRIX_Program.o
 .debug_macro   0x00014506       0x2e ./src/HLEDMATRIX_Program.o
 .debug_macro   0x00014534       0x10 ./src/HLEDMATRIX_Program.o
 .debug_macro   0x00014544      0x142 ./src/HLEDMATRIX_Program.o
 .debug_macro   0x00014686       0x7e ./src/HTFT_Program.o
 .debug_macro   0x00014704      0x106 ./src/HTFT_Program.o
 .debug_macro   0x0001480a       0x9a ./src/HTFT_Program.o
 .debug_macro   0x000148a4       0x52 ./src/HTFT_Program.o
 .debug_macro   0x000148f6       0x40 ./src/HTFT_Program.o
 .debug_macro   0x00014936       0x3f ./src/MDMA_Program.o
 .debug_macro   0x00014975       0x10 ./src/MDMA_Program.o
 .debug_macro   0x00014985       0x22 ./src/MDMA_Program.o
 .debug_macro   0x000149a7       0x3f ./src/MGPIO_Program.o
 .debug_macro   0x000149e6       0x5e ./src/MGPIO_Program.o
 .debug_macro   0x00014a44       0x40 ./src/MNVIC_Program.o
 .debug_macro   0x00014a84       0x34 ./src/MNVIC_Program.o
 .debug_macro   0x00014ab8       0x49 ./src/MRCC_Program.o
 .debug_macro   0x00014b01       0x7c ./src/MRCC_Program.o
 .debug_macro   0x00014b7d       0x51 ./src/MSPI_Program.o
 .debug_macro   0x00014bce       0xa0 ./src/MSPI_Program.o
 .debug_macro   0x00014c6e       0x40 ./src/MSPI_Program.o
 .debug_macro   0x00014cae       0x5f ./src/MSTK_Program.o
 .debug_macro   0x00014d0d       0x16 ./src/MSTK_Program.o
 .debug_macro   0x00014d23       0x46 ./src/MSTK_Program.o
 .debug_macro   0x00014d69       0x48 ./src/MUSART_Program.o
 .debug_macro   0x00014db1       0xed ./src/MUSART_Program.o
 .debug_macro   0x00014e9e      0x139 ./src/MUSART_Program.o
 .debug_macro   0x00014fd7       0x1c ./src/MUSART_Program.o
 .debug_macro   0x00014ff3      0x507 ./src/Timer.o
 .debug_macro   0x000154fa       0x10 ./src/Timer.o
 .debug_macro   0x0001550a      0x4e4 ./src/_initialize_hardware.o
 .debug_macro   0x000159ee       0xa9 ./src/main.o
 .debug_macro   0x00015a97       0x9a ./src/main.o
 .debug_macro   0x00015b31      0x4e4 ./src/stm32f4xx_hal_msp.o
